­ƒÜÇ Starting Gemini Test Script...
­ƒôé Reading .env.local from: C:\Users\User\Documents\GitHub\myduolingo\.env.local
­ƒöæ API Key found (length: 39)
­ƒôí Sending request to Gemini...
node.exe : ƒÆÑ FATAL 
ERROR:
At line:1 char:1
+ & "C:\Program Files
\nodejs/node.exe" 
"C:\Program 
Files\nodejs/node_mo 
...
+ ~~~~~~~~~~~~~~~~~~~
~~~~~~~~~~~~~~~~~~~~~
~~~~~~~~~~~~~~~~~~~~~
~~~~~~~~
    + CategoryInfo   
           : NotSpe  
  cified: (ƒÆÑ FA    
TAL ERROR::Strin    
g) [], RemoteExc    
eption
    + FullyQualified 
   ErrorId : Native  
  CommandError
 
GoogleGenerativeAIFet
chError: 
[GoogleGenerativeAI 
Error]: Error 
fetching from https:/
/generativelanguage.g
oogleapis.com/v1beta/
models/gemini-1.5-fla
sh:generateContent: 
[404 Not Found] model
s/gemini-1.5-flash 
is not found for API 
version v1beta, or 
is not supported for 
generateContent. 
Call ListModels to 
see the list of 
available models and 
their supported 
methods.
    at 
handleResponseNotOk (
C:\Users\User\Documen
ts\GitHub\myduolingo\
node_modules\@google\
generative-ai\dist\in
dex.js:434:11)
    at process.proces
sTicksAndRejections (
node:internal/process
/task_queues:105:5)
    at async 
makeRequest (C:\Users
\User\Documents\GitHu
b\myduolingo\node_mod
ules\@google\generati
ve-ai\dist\index.js:4
03:9)
    at async 
generateContent (C:\U
sers\User\Documents\G
itHub\myduolingo\node
_modules\@google\gene
rative-ai\dist\index.
js:867:22)
    at async main (C:
\Users\User\Documents
\GitHub\myduolingo\sc
ripts\test_gemini.ts:
30:24) {
  status: 404,
  statusText: 'Not 
Found',
  errorDetails: 
undefined
}
